16:57:23.049 16:57:23.049 T7459588 SQ14909 AX-0.963 AY-0.179 AZ-0.011 GX+1.47 GY+0.84 GZ-2.03 P1007.45 RH-1.1 KH-1.1 VZ+0.00 GA0.98 ST:0 MOD:F GPS:1,25 C:0 VF-1.00 VA-1.00 LAT+22.17494 LON+120.89282
16:57:23.548 16:57:23.548 T7460088 SQ14910 AX-0.960 AY-0.170 AZ-0.019 GX+1.40 GY+0.91 GZ-2.10 P1007.45 RH-1.1 KH-1.1 VZ+0.00 GA0.98 ST:0 MOD:F GPS:1,25 C:0 VF-1.00 VA-1.00 LAT+22.17494 LON+120.89282
16:57:24.049 16:57:24.049 T7460588 SQ14911 AX-0.961 AY-0.173 AZ-0.017 GX+1.40 GY+0.84 GZ-2.03 P1007.45 RH-1.1 KH-1.1 VZ+0.00 GA0.98 ST:0 MOD:F GPS:1,25 C:0 VF-1.00 VA-1.00 LAT+22.17494 LON+120.89282
16:57:24.548 16:57:24.548 T7461088 SQ14912 AX-0.957 AY-0.180 AZ-0.018 GX+1.40 GY+0.77 GZ-2.10 P1007.46 RH-1.1 KH-1.1 VZ+0.00 GA0.97 ST:0 MOD:F GPS:1,25 C:0 VF-1.00 VA-1.00 LAT+22.17494 LON+120.89282
16:57:25.048 16:57:25.048 T7461588 SQ14913 AX-0.962 AY-0.167 AZ-0.024 GX+1.40 GY+0.84 GZ-2.10 P1007.44 RH-1.0 KH-1.0 VZ+0.00 GA0.98 ST:0 MOD:F GPS:1,25 C:0 VF-1.00 VA-1.00 LAT+22.17494 LON+120.89282
16:57:25.549 16:57:25.549 T7462088 SQ14914 AX-0.963 AY-0.178 AZ-0.057 GX+1.33 GY+0.91 GZ-2.03 P1007.45 RH-1.0 KH-1.0 VZ+0.00 GA0.98 ST:0 MOD:F GPS:1,25 C:0 VF-1.00 VA-1.00 LAT+22.17494 LON+120.89282
16:57:26.049 16:57:26.049 T7462588 SQ14915 AX-0.974 AY-0.168 AZ-0.040 GX+1.40 GY+0.84 GZ-1.96 P1007.45 RH-1.0 KH-1.0 VZ+0.00 GA0.99 ST:0 MOD:F GPS:1,25 C:0 VF-1.00 VA-1.00 LAT+22.17494 LON+120.89282
16:57:27.049 16:57:27.049 T7463588 SQ14917 AX-0.974 AY-0.221 AZ-0.049 GX+1.26 GY+0.91 GZ-2.10 P1007.42 RH-0.8 KH-0.8 VZ+0.00 GA1.00 ST:0 MOD:F GPS:1,25 C:0 VF-1.00 VA-1.00 LAT+22.17494 LON+120.89282
16:57:28.050 16:57:28.050 T7464588 SQ14918 AX-4.546 AY+0.150 AZ+0.415 GX-20.16 GY-0.14 GZ-3.01 P1007.36 RH-0.3 KH-0.0 VZ+3.78 GA4.57 ST:1 MOD:F GPS:1,25 C:0 VF-1.00 VA-1.00 LAT+22.17494 LON+120.89282
16:57:29.052 16:57:29.052 T7465588 SQ14920 AX-5.355 AY+0.093 AZ+0.127 GX+6.86 GY+3.15 GZ-10.64 P1003.48 RH32.2 KH33.3 VZ+62.19 GA5.36 ST:1 MOD:F GPS:1,25 C:0 VF-1.00 VA-1.00 LAT+22.17494 LON+120.89282
16:57:29.551 16:57:29.551 T7466088 SQ14921 AX-5.566 AY-0.210 AZ+0.056 GX+14.70 GY-0.42 GZ+9.24 P999.95 RH62.0 KH68.5 VZ+89.93 GA5.57 ST:1 MOD:F GPS:1,25 C:0 VF-1.00 VA-1.00 LAT+22.17494 LON+120.89282
16:57:30.060 16:57:30.060 T7466588 SQ14922 AX-5.387 AY+0.125 AZ+0.125 GX+23.24 GY+5.18 GZ-6.16 P994.60 RH107.1 KH114.1 VZ+116.25 GA5.39 ST:1 MOD:F GPS:1,25 C:0 VF-1.00 VA-1.00 LAT+22.17494 LON+120.89282
16:57:30.560 16:57:30.560 T7467088 SQ14923 AX-5.648 AY+0.044 AZ+0.123 GX+30.52 GY+8.05 GZ-7.56 P988.38 RH159.9 KH171.4 VZ+142.22 GA5.65 ST:1 MOD:F GPS:1,25 C:0 VF-1.00 VA-1.00 LAT+22.17494 LON+120.89282
16:57:31.061 16:57:31.061 T7467588 SQ14924 AX-1.475 AY+0.124 AZ+0.147 GX+43.68 GY+0.28 GZ-2.10 P980.97 RH223.1 KH230.9 VZ+154.80 GA1.49 ST:1 MOD:F GPS:1,25 C:0 VF-1.00 VA-1.00 LAT+22.17494 LON+120.89282
16:57:31.560 16:57:31.560 T7468088 SQ14925 AX+0.428 AY+0.087 AZ+0.057 GX+46.97 GY+2.31 GZ-0.98 P974.38 RH279.6 KH280.4 VZ+111.73 GA0.44 ST:1 MOD:F GPS:1,25 C:0 VF-1.00 VA-1.00 LAT+22.17494 LON+120.89282
16:57:32.060 16:57:32.060 T7468588 SQ14926 AX+0.402 AY+0.182 AZ-0.042 GX+46.06 GY+0.21 GZ-7.98 P968.34 RH331.7 KH333.3 VZ+109.11 GA0.44 ST:1 MOD:F GPS:1,25 C:0 VF-1.00 VA-1.00 LAT+22.17494 LON+120.89282
16:57:32.560 16:57:32.560 T7469088 SQ14927 AX+0.368 AY-0.042 AZ-0.200 GX+45.22 GY-7.56 GZ-8.26 P962.82 RH379.6 KH384.0 VZ+106.33 GA0.42 ST:1 MOD:F GPS:1,25 C:0 VF-1.00 VA-1.00 LAT+22.17494 LON+120.89282
16:57:33.060 16:57:33.060 T7469588 SQ14928 AX+0.320 AY-0.015 AZ+0.074 GX+42.49 GY-4.76 GZ+2.80 P957.37 RH427.0 KH431.4 VZ+102.82 GA0.33 ST:1 MOD:F GPS:1,25 C:0 VF-1.00 VA-1.00 LAT+22.17494 LON+120.89284
16:57:33.557 16:57:33.557 T7470088 SQ14929 AX+0.318 AY+0.130 AZ+0.085 GX+40.46 GY-0.56 GZ+6.79 P952.27 RH471.6 KH476.0 VZ+98.93 GA0.35 ST:1 MOD:F GPS:1,25 C:0 VF-1.00 VA-1.00 LAT+22.17494 LON+120.89284
16:57:34.057 16:57:34.057 T7470588 SQ14930 AX+0.269 AY+0.124 AZ+0.030 GX+38.78 GY-1.75 GZ-5.67 P947.65 RH512.2 KH513.3 VZ+87.64 GA0.30 ST:1 MOD:F GPS:1,24 C:0 VF-1.00 VA-1.00 LAT+22.17494 LON+120.89284
16:57:34.558 16:57:34.558 T7471088 SQ14931 AX+0.246 AY-0.001 AZ+0.110 GX+36.19 GY+0.49 GZ-0.07 P943.35 RH550.1 KH552.5 VZ+83.28 GA0.27 ST:1 MOD:F GPS:1,24 C:0 VF-1.00 VA-1.00 LAT+22.17494 LON+120.89284
16:57:35.058 16:57:35.058 T7471588 SQ14932 AX+0.233 AY+0.031 AZ-0.001 GX+35.28 GY+4.27 GZ+1.19 P939.29 RH586.0 KH589.4 VZ+81.48 GA0.23 ST:1 MOD:F GPS:1,23 C:0 VF-1.00 VA-1.00 LAT+22.17493 LON+120.89285
16:57:35.558 16:57:35.558 T7472088 SQ14933 AX+0.205 AY+0.013 AZ+0.048 GX+34.16 GY-1.47 GZ+6.30 P935.52 RH619.5 KH624.1 VZ+79.01 GA0.21 ST:1 MOD:F GPS:1,23 C:0 VF-1.00 VA-1.00 LAT+22.17493 LON+120.89285
16:57:36.058 16:57:36.058 T7472588 SQ14934 AX+0.183 AY+0.090 AZ+0.039 GX+31.71 GY+4.06 GZ-1.26 P932.06 RH650.3 KH655.3 VZ+74.31 GA0.21 ST:1 MOD:F GPS:1,17 C:0 VF-1.00 VA-1.00 LAT+22.17493 LON+120.89287
16:57:36.558 16:57:36.558 T7473088 SQ14935 AX+0.162 AY-0.031 AZ+0.020 GX+30.66 GY+3.50 GZ+1.61 P928.93 RH678.3 KH679.6 VZ+61.85 GA0.17 ST:1 MOD:F GPS:1,17 C:0 VF-1.00 VA-1.00 LAT+22.17493 LON+120.89287
16:57:37.058 16:57:37.058 T7473588 SQ14936 AX+0.140 AY+0.117 AZ+0.033 GX+29.61 GY+8.96 GZ+1.75 P925.95 RH704.9 KH706.2 VZ+57.82 GA0.18 ST:1 MOD:F GPS:1,12 C:0 VF-1.00 VA-1.00 LAT+22.17492 LON+120.89289
16:57:37.557 16:57:37.557 T7474088 SQ14937 AX+0.118 AY-0.025 AZ+0.037 GX+27.30 GY+3.43 GZ+1.40 P923.41 RH727.7 KH730.8 VZ+55.84 GA0.13 ST:1 MOD:F GPS:1,12 C:0 VF-1.00 VA-1.00 LAT+22.17492 LON+120.89289
16:57:38.058 16:57:38.058 T7474588 SQ14938 AX+0.111 AY+0.052 AZ-0.015 GX+25.90 GY+7.35 GZ-3.71 P921.03 RH749.1 KH752.8 VZ+53.24 GA0.12 ST:1 MOD:F GPS:1,12 C:0 VF-1.00 VA-1.00 LAT+22.17492 LON+120.89291
16:57:38.560 16:57:38.560 T7475088 SQ14939 AX+0.108 AY-0.023 AZ+0.010 GX+24.01 GY+10.50 GZ+1.75 P919.00 RH767.4 KH772.2 VZ+49.30 GA0.11 ST:1 MOD:F GPS:1,12 C:0 VF-1.00 VA-1.00 LAT+22.17492 LON+120.89291
16:57:39.060 16:57:39.060 T7475588 SQ14940 AX+0.090 AY+0.042 AZ+0.011 GX+21.49 GY+5.39 GZ-10.15 P917.19 RH783.7 KH788.4 VZ+44.31 GA0.10 ST:1 MOD:F GPS:1,13 C:0 VF-1.00 VA-1.00 LAT+22.17493 LON+120.89291
16:57:39.560 16:57:39.560 T7476088 SQ14941 AX+0.074 AY+0.033 AZ-0.014 GX+21.63 GY+11.27 GZ-0.42 P915.65 RH797.7 KH802.5 VZ+39.55 GA0.08 ST:1 MOD:F GPS:1,13 C:0 VF-1.00 VA-1.00 LAT+22.17493 LON+120.89291
16:57:40.058 16:57:40.058 T7476588 SQ14942 AX+0.074 AY+0.007 AZ+0.030 GX+19.88 GY+9.31 GZ-8.61 P914.38 RH809.2 KH813.9 VZ+34.47 GA0.08 ST:1 MOD:F GPS:1,15 C:0 VF-1.00 VA-1.00 LAT+22.17496 LON+120.89291
16:57:40.559 16:57:40.559 T7477088 SQ14943 AX+0.068 AY+0.019 AZ+0.000 GX+19.04 GY+6.02 GZ-10.85 P913.33 RH818.7 KH823.1 VZ+29.71 GA0.07 ST:1 MOD:F GPS:1,15 C:0 VF-1.00 VA-1.00 LAT+22.17496 LON+120.89291
16:57:41.059 16:57:41.059 T7477588 SQ14944 AX+0.063 AY+0.003 AZ+0.010 GX+18.90 GY+10.08 GZ-8.68 P912.55 RH825.8 KH830.1 VZ+25.13 GA0.06 ST:1 MOD:F GPS:1,15 C:0 VF-1.00 VA-1.00 LAT+22.17496 LON+120.89294
16:57:41.560 16:57:41.560 T7478088 SQ14945 AX+0.062 AY-0.001 AZ+0.022 GX+17.85 GY+6.02 GZ-14.00 P912.01 RH830.6 KH834.9 VZ+20.55 GA0.07 ST:1 MOD:F GPS:1,15 C:0 VF-1.00 VA-1.00 LAT+22.17496 LON+120.89294
16:57:42.060 16:57:42.060 T7478588 SQ14946 AX+0.053 AY+0.017 AZ-0.005 GX+17.57 GY+5.18 GZ-13.93 P911.73 RH833.2 KH837.4 VZ+16.11 GA0.06 ST:1 MOD:F GPS:1,15 C:0 VF-1.00 VA-1.00 LAT+22.17496 LON+120.89297
16:57:42.560 16:57:42.560 T7479088 SQ14947 AX+0.055 AY+0.013 AZ+0.019 GX+17.43 GY+5.18 GZ-13.16 P911.68 RH833.7 KH837.8 VZ+11.65 GA0.06 ST:1 MOD:F GPS:1,15 C:0 VF-1.00 VA-1.00 LAT+22.17496 LON+120.89297
16:57:43.058 16:57:43.058 T7479588 SQ14948 AX+0.063 AY+0.000 AZ+0.037 GX+16.73 GY+1.40 GZ-15.40 P911.90 RH831.7 KH835.9 VZ+7.19 GA0.07 ST:1 MOD:F GPS:1,16 C:0 VF-1.00 VA-1.00 LAT+22.17495 LON+120.89305
16:57:43.558 16:57:43.558 T7480088 SQ14949 AX+0.067 AY+0.016 AZ+0.017 GX+16.87 GY-0.63 GZ-13.02 P912.35 RH827.6 KH831.8 VZ+2.75 GA0.07 ST:1 MOD:F GPS:1,16 C:0 VF-1.00 VA-1.00 LAT+22.17495 LON+120.89305
16:57:44.058 16:57:44.058 T7480588 SQ14950 AX+0.062 AY-0.013 AZ+0.022 GX+17.15 GY+0.91 GZ-12.74 P913.00 RH821.7 KH825.6 VZ-1.63 GA0.07 ST:1 MOD:F GPS:1,17 C:C VF-1.00 VA-1.00 LAT+22.17493 LON+120.89315
16:57:44.557 16:57:44.557 T7481088 SQ14951 AX+0.100 AY-0.186 AZ-0.066 GX+15.40 GY-6.72 GZ-13.51 P913.07 RH821.1 KH820.6 VZ-1.56 GA0.22 ST:1 MOD:F GPS:1,17 C:C VF-1.00 VA-1.00 LAT+22.17493 LON+120.89315
16:57:45.057 16:57:45.057 T7481588 SQ14952 AX+0.365 AY+0.080 AZ+0.171 GX+67.69 GY+4.06 GZ-14.21 P915.15 RH802.2 KH800.1 VZ-6.98 GA0.41 ST:1 MOD:F GPS:1,20 C:C VF-1.00 VA-1.00 LAT+22.17488 LON+120.89330
16:57:45.567 16:57:45.567 T7482088 SQ14953 AX+0.786 AY-0.039 AZ+1.146 GX-114.66 GY+109.83 GZ-5.46 P916.50 RH790.0 KH790.5 VZ-14.78 GA1.39 ST:1 MOD:F GPS:1,20 C:C VF-1.00 VA-1.00 LAT+22.17488 LON+120.89330
16:57:46.579 16:57:46.579 T7483098 SQ14954 AX+4.445 AY-2.882 AZ+1.891 GX+991.53 GY+19.04 GZ+612.42 P918.07 RH775.8 KH789.2 VZ+17.99 GA5.62 ST:2 MOD:F GPS:1,20 C:C VF-1.00 VA-1.00 LAT+22.17430 LON+120.89775
16:57:47.077 16:57:47.077 T7483598 SQ14955 AX-0.833 AY+0.635 AZ-0.779 GX+881.21 GY+70.91 GZ-31.08 P917.85 RH777.8 KH800.1 VZ+30.86 GA1.31 ST:3 MOD:F GPS:1,23 C:C VF-1.00 VA-1.00 LAT+22.17426 LON+120.89819
16:57:48.571 16:57:48.571 T7485098 SQ14958 AX-0.536 AY-0.366 AZ-0.583 GX-194.81 GY+90.37 GZ+6.72 P924.19 RH720.7 KH721.5 VZ-17.43 GA0.87 ST:3 MOD:F GPS:1,24 C:C VF-1.00 VA-1.00 LAT+22.17419 LON+120.89858
16:57:49.198 16:57:49.198 T7485598 SQ14959 AX-0.678 AY+0.299 AZ+0.041 GX+224.07 GY-28.84 GZ+57.19 P925.54 RH708.6 KH711.4 VZ-13.22 GA0.74 ST:3 MOD:F GPS:1,24 C:F VF-1.00 VA-1.00 LAT+22.17410 LON+120.89899
16:57:50.083 16:57:50.083 T7486611 SQ14960 AX-0.817 AY-0.019 AZ+0.109 GX-27.51 GY+46.06 GZ-3.08 P928.61 RH681.1 KH682.0 VZ-24.12 GA0.82 ST:3 MOD:F GPS:1,25 C:F VF-1.00 VA-1.00 LAT+22.17402 LON+120.89938
16:57:50.606 16:57:50.606 T7487127 SQ14961 AX-1.095 AY-0.370 AZ+0.136 GX+134.75 GY-28.56 GZ+13.37 P930.04 RH668.3 KH668.9 VZ-18.89 GA1.16 ST:3 MOD:F GPS:1,25 C:F VF-1.00 VA-1.00 LAT+22.17402 LON+120.89938
16:57:51.101 16:57:51.101 T7487627 SQ14962 AX-0.995 AY-0.268 AZ-0.065 GX-34.65 GY+26.81 GZ-14.35 P931.66 RH653.8 KH656.7 VZ-16.37 GA1.03 ST:3 MOD:F GPS:1,25 C:F VF-1.00 VA-1.00 LAT+22.17395 LON+120.89979
16:57:51.596 16:57:51.596 T7488127 SQ14963 AX-0.867 AY-0.262 AZ-0.015 GX+54.60 GY+0.98 GZ+5.32 P933.20 RH640.1 KH643.5 VZ-14.84 GA0.91 ST:3 MOD:F GPS:1,25 C:F VF-1.00 VA-1.00 LAT+22.17395 LON+120.89979
16:57:52.098 16:57:52.098 T7488627 SQ14964 AX-1.014 AY-0.158 AZ-0.066 GX+48.51 GY+12.46 GZ+3.43 P934.81 RH625.8 KH629.7 VZ-14.66 GA1.03 ST:3 MOD:F GPS:1,25 C:F VF-1.00 VA-1.00 LAT+22.17391 LON+120.90018
16:57:52.598 16:57:52.598 T7489127 SQ14965 AX-1.100 AY-0.185 AZ+0.003 GX+51.38 GY+4.13 GZ-18.83 P936.36 RH612.1 KH615.7 VZ-14.79 GA1.12 ST:3 MOD:F GPS:1,25 C:F VF-1.00 VA-1.00 LAT+22.17391 LON+120.90018
16:57:53.096 16:57:53.096 T7489627 SQ14966 AX-0.788 AY-0.234 AZ+0.111 GX+34.09 GY+6.58 GZ+8.05 P937.91 RH598.3 KH602.1 VZ-14.92 GA0.83 ST:3 MOD:F GPS:1,25 C:F VF-1.00 VA-1.00 LAT+22.17385 LON+120.90057
16:57:53.599 16:57:53.599 T7490127 SQ14967 AX-0.818 AY-0.094 AZ-0.040 GX+15.82 GY+13.86 GZ-8.33 P939.54 RH583.8 KH587.6 VZ-15.86 GA0.82 ST:3 MOD:F GPS:1,25 C:F VF-1.00 VA-1.00 LAT+22.17385 LON+120.90057
16:57:54.102 16:57:54.102 T7490630 SQ14968 AX-1.643 AY-0.082 AZ-0.184 GX+63.91 GY+2.03 GZ+10.50 P941.29 RH568.3 KH572.3 VZ-15.46 GA1.65 ST:3 MOD:F GPS:1,25 C:F VF-1.00 VA-1.00 LAT+22.17379 LON+120.90099
16:57:54.600 16:57:54.600 T7491131 SQ14969 AX-0.842 AY-0.092 AZ-0.041 GX+53.97 GY+2.94 GZ-9.59 P942.90 RH554.1 KH557.5 VZ-16.31 GA0.85 ST:3 MOD:F GPS:1,25 C:F VF-1.00 VA-1.00 LAT+22.17379 LON+120.90099
16:57:55.102 16:57:55.102 T7491631 SQ14970 AX-0.803 AY-0.024 AZ+0.245 GX+26.53 GY-3.99 GZ+23.45 P944.46 RH540.3 KH543.8 VZ-16.21 GA0.84 ST:3 MOD:F GPS:1,24 C:F VF-1.00 VA-1.00 LAT+22.17374 LON+120.90147
16:57:55.602 16:57:55.602 T7492131 SQ14971 AX-0.870 AY+0.255 AZ+0.126 GX-74.55 GY+2.45 GZ-15.33 P946.10 RH525.8 KH529.5 VZ-16.39 GA0.92 ST:3 MOD:F GPS:1,24 C:F VF-1.00 VA-1.00 LAT+22.17374 LON+120.90147
16:57:56.102 16:57:56.102 T7492631 SQ14972 AX-0.914 AY-0.348 AZ-0.409 GX-39.27 GY+9.87 GZ-22.82 P947.91 RH509.9 KH509.8 VZ-27.34 GA1.06 ST:3 MOD:F GPS:1,24 C:F VF-1.00 VA-1.00 LAT+22.17367 LON+120.90187
16:57:56.601 16:57:56.601 T7493131 SQ14973 AX-0.876 AY-0.430 AZ+0.294 GX+10.29 GY-12.11 GZ+3.57 P949.32 RH497.5 KH497.2 VZ-20.37 GA1.02 ST:3 MOD:F GPS:1,24 C:F VF-1.00 VA-1.00 LAT+22.17367 LON+120.90187
16:57:57.105 16:57:57.105 T7493634 SQ14974 AX-0.899 AY-0.363 AZ-0.099 GX-92.68 GY+32.48 GZ+6.86 P951.40 RH479.2 KH482.0 VZ-20.20 GA0.98 ST:3 MOD:F GPS:1,24 C:F VF-1.00 VA-1.00 LAT+22.17398 LON+120.89950
16:57:57.612 16:57:57.612 T7494134 SQ14975 AX-1.043 AY-0.105 AZ-0.558 GX+177.94 GY-10.99 GZ+25.76 P953.09 RH464.4 KH468.6 VZ-17.27 GA1.19 ST:3 MOD:F GPS:1,24 C:F VF-1.00 VA-1.00 LAT+22.17398 LON+120.89950
16:57:58.107 16:57:58.107 T7494634 SQ14976 AX-0.861 AY-0.235 AZ-0.025 GX+66.85 GY+23.10 GZ-16.45 P955.19 RH446.1 KH446.0 VZ-30.35 GA0.89 ST:3 MOD:F GPS:1,25 C:F VF-1.00 VA-1.00 LAT+22.17397 LON+120.89943
16:57:58.606 16:57:58.606 T7495134 SQ14977 AX-0.723 AY-0.452 AZ-0.173 GX+97.86 GY+13.16 GZ+1.68 P956.94 RH430.8 KH431.6 VZ-23.82 GA0.87 ST:3 MOD:F GPS:1,25 C:F VF-1.00 VA-1.00 LAT+22.17397 LON+120.89943
16:57:59.103 16:57:59.103 T7495634 SQ14978 AX-0.803 AY-0.187 AZ+0.255 GX+81.97 GY+4.13 GZ-9.31 P958.73 RH415.1 KH417.1 VZ-20.56 GA0.86 ST:3 MOD:F GPS:1,25 C:F VF-1.00 VA-1.00 LAT+22.17399 LON+120.89937
16:57:59.604 16:57:59.604 T7496135 SQ14979 AX-0.737 AY-0.508 AZ-0.180 GX+6.93 GY+31.50 GZ+5.60 P960.70 RH398.0 KH401.5 VZ-19.47 GA0.91 ST:3 MOD:F GPS:1,25 C:F VF-1.00 VA-1.00 LAT+22.17399 LON+120.89937
16:58:00.113 16:58:00.113 T7496635 SQ14980 AX-0.938 AY-0.309 AZ-0.558 GX+100.52 GY+20.44 GZ+18.83 P962.47 RH382.6 KH386.5 VZ-18.75 GA1.13 ST:3 MOD:F GPS:1,25 C:F VF-1.00 VA-1.00 LAT+22.17402 LON+120.89931
16:58:00.608 16:58:00.608 T7497135 SQ14981 AX-0.750 AY-0.485 AZ+0.138 GX+147.07 GY-11.13 GZ-9.66 P964.61 RH364.1 KH363.8 VZ-32.66 GA0.90 ST:3 MOD:F GPS:1,25 C:F VF-1.00 VA-1.00 LAT+22.17402 LON+120.89931
16:58:01.107 16:58:01.107 T7497635 SQ14982 AX-0.897 AY-0.647 AZ+0.160 GX-48.58 GY+14.21 GZ-5.25 P966.48 RH347.8 KH350.5 VZ-23.17 GA1.12 ST:3 MOD:F GPS:1,25 C:F VF-1.00 VA-1.00 LAT+22.17404 LON+120.89928
16:58:01.609 16:58:01.609 T7498135 SQ14983 AX-0.807 AY-0.351 AZ+0.535 GX-41.44 GY-16.24 GZ+13.72 P968.11 RH333.7 KH334.5 VZ-21.28 GA1.03 ST:3 MOD:F GPS:1,25 C:F VF-1.00 VA-1.00 LAT+22.17404 LON+120.89928
16:58:02.115 16:58:02.115 T7498636 SQ14984 AX-0.905 AY-0.229 AZ+0.129 GX-138.81 GY-16.24 GZ+19.95 P970.59 RH312.2 KH312.2 VZ-35.24 GA0.94 ST:3 MOD:F GPS:1,25 C:F VF-1.00 VA-1.00 LAT+22.17408 LON+120.89924
16:58:02.607 16:58:02.607 T7499136 SQ14985 AX-0.771 AY-0.149 AZ+0.117 GX-92.96 GY+9.45 GZ-15.61 P972.70 RH294.1 KH294.3 VZ-31.10 GA0.79 ST:3 MOD:F GPS:1,25 C:F VF-1.00 VA-1.00 LAT+22.17408 LON+120.89924
16:58:03.109 16:58:03.109 T7499636 SQ14986 AX-1.073 AY-0.611 AZ-0.093 GX+66.92 GY-19.81 GZ-27.86 P974.58 RH277.9 KH278.8 VZ-25.01 GA1.24 ST:3 MOD:F GPS:1,25 C:F VF-1.00 VA-1.00 LAT+22.17410 LON+120.89922
16:58:03.614 16:58:03.614 T7500136 SQ14987 AX-1.083 AY-0.364 AZ+0.063 GX-123.97 GY+15.40 GZ+23.52 P976.43 RH262.0 KH266.2 VZ-18.26 GA1.14 ST:3 MOD:F GPS:1,25 C:F VF-1.00 VA-1.00 LAT+22.17410 LON+120.89922
16:58:04.110 16:58:04.110 T7500638 SQ14988 AX-1.031 AY-0.368 AZ+0.130 GX+41.44 GY-24.01 GZ-2.31 P978.64 RH243.0 KH242.3 VZ-31.01 GA1.10 ST:3 MOD:F GPS:1,25 C:F VF-1.00 VA-1.00 LAT+22.17414 LON+120.89920
16:58:04.609 16:58:04.609 T7501138 SQ14989 AX-0.995 AY-0.125 AZ-0.107 GX-88.48 GY+17.15 GZ-5.25 P980.73 RH225.2 KH227.2 VZ-25.22 GA1.01 ST:3 MOD:F GPS:1,25 C:F VF-1.00 VA-1.00 LAT+22.17414 LON+120.89920
16:58:05.106 16:58:05.106 T7501638 SQ14990 AX-1.068 AY-0.233 AZ+0.043 GX+43.40 GY-8.26 GZ-1.05 P982.65 RH208.7 KH210.8 VZ-22.11 GA1.09 ST:3 MOD:F GPS:1,25 C:F VF-1.00 VA-1.00 LAT+22.17416 LON+120.89925
16:58:05.611 16:58:05.611 T7502138 SQ14991 AX-0.759 AY-0.368 AZ-0.130 GX+17.50 GY+17.01 GZ-14.56 P984.64 RH191.8 KH195.2 VZ-19.96 GA0.85 ST:3 MOD:F GPS:1,25 C:F VF-1.00 VA-1.00 LAT+22.17416 LON+120.89925
16:58:06.112 16:58:06.112 T7502638 SQ14992 AX-1.317 AY-0.455 AZ+0.114 GX+63.42 GY+11.69 GZ+22.47 P986.58 RH175.2 KH174.7 VZ-31.73 GA1.40 ST:3 MOD:F GPS:1,25 C:F VF-1.00 VA-1.00 LAT+22.17416 LON+120.89933
16:58:06.607 16:58:06.607 T7503138 SQ14993 AX-1.617 AY-0.454 AZ+0.351 GX+61.74 GY+7.63 GZ+5.39 P988.50 RH158.8 KH158.9 VZ-25.92 GA1.72 ST:3 MOD:F GPS:1,25 C:F VF-1.00 VA-1.00 LAT+22.17416 LON+120.89933
16:58:07.113 16:58:07.113 T7503639 SQ14994 AX-0.816 AY-0.140 AZ-0.166 GX+143.78 GY-22.82 GZ-8.33 P990.35 RH143.1 KH144.7 VZ-20.68 GA0.84 ST:3 MOD:F GPS:1,25 C:F VF-1.00 VA-1.00 LAT+22.17416 LON+120.89933
16:58:07.612 16:58:07.612 T7504139 SQ14995 AX-1.331 AY-0.277 AZ-0.316 GX-42.84 GY+35.70 GZ-14.00 P992.03 RH128.9 KH131.8 VZ-16.04 GA1.40 ST:3 MOD:F GPS:1,25 C:F VF-1.00 VA-1.00 LAT+22.17416 LON+120.89941
16:58:08.112 16:58:08.112 T7504639 SQ14996 AX-0.984 AY-0.394 AZ-0.025 GX+101.71 GY-19.95 GZ+2.03 P993.57 RH115.9 KH119.0 VZ-14.06 GA1.06 ST:3 MOD:F GPS:1,25 C:F VF-1.00 VA-1.00 LAT+22.17416 LON+120.89941
16:58:08.609 16:58:08.609 T7505139 SQ14997 AX-0.754 AY-0.003 AZ-0.084 GX-77.42 GY+41.86 GZ-1.19 P995.32 RH101.1 KH100.8 VZ-26.90 GA0.76 ST:3 MOD:F GPS:1,25 C:F VF-1.00 VA-1.00 LAT+22.17417 LON+120.89951
16:58:09.108 16:58:09.108 T7505639 SQ14998 AX-1.044 AY-0.409 AZ+0.002 GX+145.53 GY-32.06 GZ-0.63 P996.90 RH87.7 KH89.0 VZ-20.24 GA1.12 ST:3 MOD:F GPS:1,25 C:F VF-1.00 VA-1.00 LAT+22.17417 LON+120.89951
16:58:09.607 16:58:09.607 T7506142 SQ14999 AX-1.216 AY-0.144 AZ-0.129 GX-44.24 GY+37.38 GZ-3.57 P998.58 RH73.5 KH75.4 VZ-17.65 GA1.23 ST:3 MOD:F GPS:1,25 C:F VF-1.00 VA-1.00 LAT+22.17416 LON+120.89959
16:58:10.107 16:58:10.107 T7506643 SQ15000 AX-0.992 AY+0.156 AZ+0.434 GX+75.95 GY-7.70 GZ-1.68 P1000.16 RH60.2 KH62.6 VZ-14.74 GA1.09 ST:3 MOD:F GPS:1,25 C:F VF-1.00 VA-1.00 LAT+22.17413 LON+120.89973
16:58:10.612 16:58:10.612 T7507143 SQ15001 AX-0.980 AY-0.586 AZ-0.152 GX+16.94 GY+12.81 GZ-3.36 P1001.75 RH46.8 KH50.1 VZ-13.37 GA1.15 ST:3 MOD:F GPS:1,25 C:F VF-1.00 VA-1.00 LAT+22.17413 LON+120.89973
16:58:11.112 16:58:11.112 T7507643 SQ15002 AX-1.028 AY+0.083 AZ+0.079 GX+73.78 GY-2.31 GZ-16.31 P1003.45 RH32.5 KH36.8 VZ-13.12 GA1.03 ST:3 MOD:F GPS:1,25 C:F VF-1.00 VA-1.00 LAT+22.17411 LON+120.89983
16:58:11.607 16:58:11.607 T7508143 SQ15003 AX-0.875 AY-0.231 AZ-0.114 GX+2.87 GY+10.36 GZ-0.91 P1004.94 RH20.0 KH23.9 VZ-12.94 GA0.91 ST:3 MOD:F GPS:1,25 C:F VF-1.00 VA-1.00 LAT+22.17411 LON+120.89983
