16:57:25.560 T7087226 SQ14166 AX-0.983 AY+0.011 AZ-0.188 GX+1.96 GY-2.66 GZ-2.31 P1007.48 RH-1.0 KH-1.0 VZ+0.00 GA1.00 ST:0 MOD:F GPS:1,25 C:0 VF-1.00 VA-1.00 LAT+22.17496 LON+120.89284
16:57:26.059 T7087726 SQ14167 AX-0.966 AY+0.034 AZ-0.170 GX+1.96 GY-2.73 GZ-2.31 P1007.48 RH-1.0 KH-1.0 VZ+0.00 GA0.98 ST:0 MOD:F GPS:1,25 C:0 VF-1.00 VA-1.00 LAT+22.17496 LON+120.89284
16:57:26.560 T7088226 SQ141680QX-0.948 AY+0.030 AZ-0.210 GX+1.82 GY-2.73 GZ-2.31 P1007.47 RH-0.9 KH-0.9 VZ+0.00 GA0.97 ST:0 MOD:F GPS:1,25 C:0 VF-1.00 VA-1.00 LAT+22.17496 LON+120.89284
16:57:27.060 T7088726 SQ14169 AX-0.987 AY+0.047 AZ-0.200 GX+1.96 GY-2.66 GZ-2.24 P1007.47 RH-0.9 KH-0.9 VZ+0.00 GA1.01 ST:0 MOD:F GPS:1,25 C:0 VF-1.00 VA-1.00 LAT+22.17496 LON+120.89284
16:57:28.565 T7090226 SQ14172 AX-5.071 AY-0.011 AZ+0.026 GX-2.45 GY+8.26 GZ+10.36 P1006.10 RH10.6 KH8.4 VZ+24.53 GA5.07 ST:1 MOD:F GPS:1,25 C:0 VF-1.00 VA-1.00 LAT+22.17496 LON+120.89284
16:57:29.064 T7090726 SQ14173 AX-5.133 AY-0.064 AZ+0.183 GX+7.91 GY+6.37 GZ+1.05 P1003.69 RH30.8 KH29.3 VZ+50.11 GA5.14 ST:1 MOD:F GPS:1,25 C:0 VF-1.00 VA-1.00 LAT+22.17496 LON+120.89284
16:57:29.568 T7091226 SQ14174 AX-5.475 AY-0.074 AZ-0.170 GX+14.07 GY-17.22 GZ-3.57 P1000.09 RH61.1 KH62.1 VZ+75.05 GA5.48 ST:1 MOD:F GPS:1,25 C:0 VF-1.00 VA-1.00 LAT+22.17496 LON+120.89284
16:57:30.069 T7091726 SQ14175 AX-5.438 AY-0.113 AZ+0.056 GX+23.31 GY+3.36 GZ+3.85 P995.02 RH103.9 KH105.4 VZ+99.34 GA5.44 ST:1 MOD:F GPS:1,25 C:0 VF-1.00 VA-1.00 LAT+22.17496 LON+120.89284
16:57:30.571 T7092226 SQ14176 AX-5.716 AY-0.079 AZ+0.046 GX+30.52 GY+3.29 GZ+3.78 P988.78 RH156.8 KH160.1 VZ+123.10 GA5.72 ST:1 MOD:F GPS:1,25 C:0 VF-1.00 VA-1.00 LAT+22.17496 LON+120.89284
16:57:31.071 T7092726 SQ14177 AX-1.850 AY+0.009 AZ+0.266 GX+43.05 GY-0.49 GZ-2.45 P981.41 RH219.7 KH223.3 VZ+138.92 GA1.87 ST:1 MOD:F GPS:1,25 C:0 VF-1.00 VA-1.00 LAT+22.17496 LON+120.89284
16:57:31.571 T7093226 SQ14178 AX+0.445 AY+0.078 AZ+0.061 GX+46.76 GY-1.96 GZ-2.17 P975.11 RH273.7 KH275.7 VZ+104.67 GA0.46 ST:1 MOD:F GPS:1,25 C:0 VF-1.00 VA-1.00 LAT+22.17496 LON+120.89284
16:57:32.071 T7093726 SQ14179 AX+0.414 AY+0.052 AZ+0.138 GX+46.34 GY+5.88 GZ-3.85 P968.88 RH327.3 KH328.0 VZ+101.28 GA0.44 ST:1 MOD:F GPS:1,25 C:0 VF-1.00 VA-1.00 LAT+22.17496 LON+120.89284
16:57:32.586 T7094239 SQ14180 AX+0.381 AY+0.080 AZ-0.011 GX+45.43 GY+3.78 GZ-12.18 P963.05 RH377.9 KH380.0 VZ+97.24 GA0.39 ST:1 MOD:F GPS:1,25 C:0 VF-1.00 VA-1.00 LAT+22.17497 LON+120.89287
16:57:33.082 T7094739 SQ14181 AX+0.331 AY-0.044 AZ-0.012 GX+42.28 GY-6.79 GZ-8.33 P957.81 RH423.5 KH427.0 VZ+92.85 GA0.33 ST:1 MOD:F GPS:1,25 C:0 VF-1.00 VA-1.00 LAT+22.17497 LON+120.89287
16:57:33.585 T7095240 SQ14182 AX+0.293 AY-0.034 AZ+0.084 GX+40.18 GY-10.29 GZ-3.99 P952.43 RH470.5 KH471.5 VZ+88.62 GA0.31 ST:1 MOD:F GPS:1,25 C:0 VF-1.00 VA-1.00 LAT+22.17498 LON+120.89291
16:57:34.083 T7095740 SQ14183 AX+0.245 AY+0.005 AZ-0.011 GX+38.99 GY+1.89 GZ-5.25 P948.01 RH509.4 KH512.4 VZ+83.13 GA0.25 ST:1 MOD:F GPS:1,25 C:0 VF-1.00 VA-1.00 LAT+22.17498 LON+120.89291
16:57:34.584 T7096240 SQ14184 AX+0.234 AY-0.136 AZ-0.044 GX+36.26 GY-4.20 GZ-2.59 P943.56 RH548.6 KH551.1 VZ+78.60 GA0.27 ST:1 MOD:F GPS:1,25 C:0 VF-1.00 VA-1.00 LAT+22.17499 LON+120.89292
16:57:35.083 T7096740 SQ14185 AX+0.212 AY+0.023 AZ+0.021 GX+35.42 GY-5.32 GZ+0.35 P939.62 RH583.4 KH587.0 VZ+73.94 GA0.21 ST:1 MOD:F GPS:1,25 C:0 VF-1.00 VA-1.00 LAT+22.17499 LON+120.89292
16:57:35.585 T7097240 SQ14186 AX+0.193 AY-0.005 AZ+0.031 GX+34.02 GY-10.08 GZ-5.04 P935.74 RH617.8 KH620.7 VZ+69.50 GA0.20 ST:1 MOD:F GPS:1,24 C:0 VF-1.00 VA-1.00 LAT+22.17500 LON+120.89295
16:57:36.082 T7097740 SQ14187 AX+0.168 AY-0.014 AZ+0.064 GX+31.85 GY-2.52 GZ+0.77 P932.28 RH648.7 KH651.4 VZ+64.34 GA0.18 ST:1 MOD:F GPS:1,24 C:0 VF-1.00 VA-1.00 LAT+22.17500 LON+120.89295
16:57:36.582 T7098240 SQ14188 AX+0.163 AY+0.015 AZ-0.037 GX+30.94 GY-6.30 GZ-0.14 P929.09 RH677.2 KH679.5 VZ+59.12 GA0.17 ST:1 MOD:F GPS:1,21 C:0 VF-1.00 VA-1.00 LAT+22.17499 LON+120.89297
16:57:37.085 T7098740 SQ14189 AX+0.127 AY-0.019 AZ+0.033 GX+29.75 GY-5.46 GZ+5.53 P926.14 RH703.5 KH705.3 VZ+54.19 GA0.13 ST:1 MOD:F GPS:1,21 C:0 VF-1.00 VA-1.00 LAT+22.17499 LON+120.89297
16:57:37.582 T7099240 SQ14190 AX+0.128 AY-0.020 AZ-0.071 GX+27.79 GY-6.23 GZ-0.07 P923.62 RH726.1 KH728.9 VZ+49.21 GA0.15 ST:1 MOD:F GPS:1,12 C:0 VF-1.00 VA-1.00 LAT+22.17498 LON+120.89298
16:57:38.082 T7099740 SQ14191 AX+0.099 AY-0.015 AZ+0.001 GX+26.32 GY-0.35 GZ+3.99 P921.16 RH748.3 KH749.7 VZ+44.17 GA0.10 ST:1 MOD:F GPS:1,12 C:0 VF-1.00 VA-1.00 LAT+22.17498 LON+120.89298
16:57:38.584 T7100240 SQ14192 AX+0.098 AY+0.037 AZ-0.044 GX+24.50 GY-6.30 GZ+7.07 P919.15 RH766.4 KH768.5 VZ+39.39 GA0.11 ST:1 MOD:F GPS:1,11 C:0 VF-1.00 VA-1.00 LAT+22.17496 LON+120.89300
16:57:39.084 T7100740 SQ14193 AX+0.088 AY-0.016 AZ-0.016 GX+22.05 GY+5.74 GZ+1.96 P917.33 RH782.8 KH784.4 VZ+34.25 GA0.09 ST:1 MOD:F GPS:1,11 C:0 VF-1.00 VA-1.00 LAT+22.17496 LON+120.89300
16:57:39.581 T7101240 SQ14194 AX+0.083 AY+0.019 AZ-0.001 GX+22.05 GY-3.85 GZ+7.98 P915.78 RH796.8 KH798.5 VZ+29.71 GA0.09 ST:1 MOD:F GPS:1,11 C:0 VF-1.00 VA-1.00 LAT+22.17493 LON+120.89304
16:57:40.082 T7101740 SQ14195 AX+0.083 AY+0.000 AZ-0.015 GX+20.44 GY+3.85 GZ+6.09 P914.49 RH808.5 KH810.1 VZ+24.87 GA0.08 ST:1 MOD:F GPS:1,11 C:0 VF-1.00 VA-1.00 LAT+22.17493 LON+120.89304
16:57:40.583 T7102240 SQ14196 AX+0.077 AY+0.012 AZ+0.008 GX+19.53 GY+6.37 GZ+2.73 P913.49 RH817.6 KH819.3 VZ+20.16 GA0.08 ST:1 MOD:F GPS:1,14 C:0 VF-1.00 VA-1.00 LAT+22.17490 LON+120.89307
16:57:41.083 T7102740 SQ14197 AX+0.072 AY+0.011 AZ+0.010 GX+19.46 GY+4.06 GZ+6.72 P912.67 RH825.0 KH826.5 VZ+15.62 GA0.07 ST:1 MOD:F GPS:1,14 C:0 VF-1.00 VA-1.00 LAT+22.17488 LON+120.89310
16:57:41.583 T7103240 SQ14198 AX+0.069 AY-0.003 AZ-0.021 GX+18.48 GY+9.31 GZ+2.80 P912.13 RH829.9 KH831.3 VZ+11.06 GA0.07 ST:1 MOD:F GPS:1,14 C:0 VF-1.00 VA-1.00 LAT+22.17488 LON+120.89310
16:57:42.080 T7103740 SQ14199 AX+0.062 AY+0.005 AZ+0.006 GX+18.20 GY+9.38 GZ+1.68 P911.80 RH832.9 KH833.9 VZ+6.54 GA0.06 ST:1 MOD:F GPS:1,13 C:0 VF-1.00 VA-1.00 LAT+22.17486 LON+120.89317
16:57:42.586 T7104246 SQ14200 AX+0.061 AY+0.000 AZ-0.013 GX+17.99 GY+8.61 GZ+1.75 P911.75 RH833.4 KH834.3 VZ+1.98 GA0.06 ST:1 MOD:F GPS:1,13 C:0 VF-1.00 VA-1.00 LAT+22.17486 LON+120.89317
16:57:43.087 T7104746 SQ14201 AX+0.061 AY-0.019 AZ-0.031 GX+17.15 GY+10.71 GZ-2.10 P911.97 RH831.3 KH832.5 VZ-2.42 GA0.07 ST:1 MOD:F GPS:1,13 C:0 VF-1.00 VA-1.00 LAT+22.17487 LON+120.89328
16:57:43.585 T7105246 SQ14202 AX+0.067 AY+0.005 AZ-0.009 GX+17.22 GY+8.47 GZ-4.20 P912.43 RH827.2 KH828.5 VZ-6.84 GA0.07 ST:1 MOD:F GPS:1,13 C:0 VF-1.00 VA-1.00 LAT+22.17487 LON+120.89328
16:57:44.088 T7105746 SQ14203 AX+0.064 AY+0.001 AZ-0.020 GX+17.50 GY+8.05 GZ-2.66 P913.09 RH821.2 KH822.2 VZ-11.32 GA0.07 ST:1 MOD:F GPS:1,14 C:C VF-1.00 VA-1.00 LAT+22.17487 LON+120.89341
16:57:44.088 MSG SUCCESS Parachute deployed (auto A+B pk=833.5m now=817.0m vz=-13.78m/s)
16:57:44.587 T7106246 SQ14204 AX+0.039 AY-0.081 AZ+0.096 GX+15.47 GY+8.47 GZ-9.73 P913.56 RH817.0 KH815.1 VZ-14.37 GA0.13 ST:2 MOD:F GPS:1,14 C:F VF-1.00 VA-1.00 LAT+22.17487 LON+120.89341
16:57:45.088 T7106746 SQ14205 AX+0.237 AY+0.363 AZ-0.816 GX+49.77 GY+7.14 GZ+0.28 P915.18 RH802.3 KH798.8 VZ-17.85 GA0.92 ST:2 MOD:F GPS:1,15 C:F VF-1.00 VA-1.00 LAT+22.17438 LON+120.89834
16:57:45.595 T7107246 SQ14206 AX+0.901 AY-1.310 AZ-0.197 GX-99.96 GY+1.05 GZ+109.48 P916.71 RH788.4 KH789.3 VZ-20.51 GA1.60 ST:3 MOD:F GPS:1,15 C:F VF-1.00 VA-1.00 LAT+22.17438 LON+120.89834
16:57:46.097 T7107746 SQ14207 AX+6.097 AY-0.489 AZ+0.547 GX-463.88 GY+3.57 GZ-523.66 P918.52 RH772.1 KH782.6 VZ-15.16 GA6.14 ST:3 MOD:E GPS:1,16 C:F VF-1.00 VA-1.00 LAT+22.17438 LON+120.89868
16:57:46.097 MOD: BMP=1 IMU=1 LORA=1  REF_PRESS=924.25 hPa  CLK=HSE  RST=POWER-ON  VF=-1.00V VA=-1.00V
16:57:51.435 T4123 SQ1 AX-0.784 AY+0.030 AZ-0.300 GX+27.65 GY-1.89 GZ+5.74 P924.25 RH0.0 KH0.0 VZ+0.00 GA0.84 ST:0 MOD:F GPS:1,21 C:0 VF-1.00 VA-1.00 LAT+22.17411 LON+120.90059
16:57:51.435 MSG WARN REJECT dpl - IDLE and not armed - ARM first (bench unlock)
16:57:51.435 MSG WARN REJECT dpl - IDLE and not armed - ARM first (bench unlock)
16:57:51.970 T5242 SQ2 AX-0.923 AY-0.117 AZ-0.219 GX+57.75 GY-11.20 GZ+4.27 P924.25 RH0.0 KH0.0 VZ+0.00 GA0.96 ST:0 MOD:F GPS:1,24 C:0 VF-1.00 VA-1.00 LAT+22.17409 LON+120.90060
16:57:52.488 T5742 SQ3 AX-0.565 AY-0.065 AZ+0.000 GX+56.91 GY+7.91 GZ+0.56 P936.04 RH-107.1 KH-107.1 VZ+0.00 GA0.57 ST:0 MOD:F GPS:1,24 C:0 VF-1.00 VA-1.00 LAT+22.17409 LON+120.90060
16:57:52.988 T6242 SQ4 AX-0.885 AY-0.175 AZ-0.480 GX+32.55 GY-0.63 GZ+4.41 P937.53 RH-120.5 KH-120.5 VZ+0.00 GA1.02 ST:0 MOD:F GPS:1,24 C:0 VF-1.00 VA-1.00 LAT+22.17407 LON+120.90063
16:57:53.487 T6742 SQ5 AX-0.855 AY-0.128 AZ+0.068 GX+17.50 GY-7.70 GZ+9.38 P939.22 RH-135.7 KH-135.7 VZ+0.00 GA0.87 ST:0 MOD:F GPS:1,24 C:0 VF-1.00 VA-1.00 LAT+22.17407 LON+120.90063
16:57:53.990 T7242 SQ6 AX-0.589 AY+0.054 AZ-0.070 GX+47.32 GY-20.79 GZ+3.43 P940.92 RH-151.0 KH-151.0 VZ+0.00 GA0.60 ST:0 MOD:F GPS:1,24 C:0 VF-1.00 VA-1.00 LAT+22.17405 LON+120.90065
16:57:54.486 T7742 SQ7 AX-0.678 AY-0.025 AZ-0.119 GX+54.25 GY+7.70 GZ+1.40 P942.57 RH-165.9 KH-165.9 VZ+0.00 GA0.69 ST:0 MOD:F GPS:1,24 C:0 VF-1.00 VA-1.00 LAT+22.17405 LON+120.90065
16:57:54.991 T8242 SQ8 AX-0.845 AY-0.133 AZ-0.311 GX+51.17 GY-19.46 GZ-12.95 P944.10 RH-179.6 KH-179.6 VZ+0.00 GA0.91 ST:0 MOD:F GPS:1,24 C:0 VF-1.00 VA-1.00 LAT+22.17402 LON+120.90065
16:57:55.487 T8742 SQ9 AX-0.921 AY-0.164 AZ+0.328 GX-53.69 GY-8.96 GZ+2.87 P945.79 RH-194.7 KH-194.7 VZ+0.00 GA0.99 ST:0 MOD:F GPS:1,24 C:0 VF-1.00 VA-1.00 LAT+22.17402 LON+120.90065
16:57:55.998 T9242 SQ10 AX-0.878 AY+0.155 AZ-0.443 GX-100.03 GY+25.20 GZ+21.63 P947.55 RH-210.5 KH-210.5 VZ+0.00 GA1.00 ST:0 MOD:F GPS:1,24 C:0 VF-1.00 VA-1.00 LAT+22.17399 LON+120.90065
16:57:56.492 T9742 SQ11 AX-0.760 AY-0.200 AZ-0.507 GX+51.45 GY-1.82 GZ-26.67 P949.07 RH-224.1 KH-224.1 VZ+0.00 GA0.94 ST:0 MOD:F GPS:1,24 C:0 VF-1.00 VA-1.00 LAT+22.17399 LON+120.90065
16:57:56.999 T10242 SQ12 AX-0.952 AY-0.266 AZ-0.517 GX-116.62 GY-2.45 GZ+19.46 P951.04 RH-241.7 KH-241.7 VZ+0.00 GA1.12 ST:0 MOD:F GPS:1,24 C:0 VF-1.00 VA-1.00 LAT+22.17397 LON+120.90063
16:57:57.494 T10742 SQ13 AX-1.000 AY+0.526 AZ-0.565 GX+98.77 GY-25.41 GZ-2.45 P952.47 RH-254.5 KH-254.5 VZ+0.00 GA1.26 ST:0 MOD:F GPS:1,24 C:0 VF-1.00 VA-1.00 LAT+22.17397 LON+120.90063
16:57:57.994 T11242 SQ14 AX-0.855 AY-0.167 AZ-0.013 GX+112.84 GY+0.98 GZ+2.45 P954.78 RH-274.9 KH-274.9 VZ+0.00 GA0.87 ST:0 MOD:F GPS:1,24 C:0 VF-1.00 VA-1.00 LAT+22.17393 LON+120.90063
16:57:58.493 T11742 SQ15 AX-0.728 AY+0.215 AZ-0.450 GX+72.10 GY-0.35 GZ+20.02 P956.52 RH-290.5 KH-290.5 VZ+0.00 GA0.88 ST:0 MOD:F GPS:1,24 C:0 VF-1.00 VA-1.00 LAT+22.17393 LON+120.90063
16:57:58.993 T12242 SQ16 AX-0.862 AY-0.163 AZ-0.220 GX+110.74 GY-4.06 GZ-3.15 P958.36 RH-306.7 KH-306.7 VZ+0.00 GA0.90 ST:0 MOD:F GPS:1,24 C:0 VF-1.00 VA-1.00 LAT+22.17388 LON+120.90062
16:57:59.493 T12742 SQ17 AX-0.766 AY-0.027 AZ-0.417 GX-26.95 GY+3.43 GZ+30.59 P960.33 RH-324.2 KH-324.2 VZ+0.00 GA0.87 ST:0 MOD:F GPS:1,24 C:0 VF-1.00 VA-1.00 LAT+22.17388 LON+120.90062
16:57:59.998 T13242 SQ18 AX-0.745 AY+0.196 AZ-0.243 GX+69.86 GY-21.49 GZ+19.46 P962.01 RH-339.0 KH-339.0 VZ+0.00 GA0.81 ST:0 MOD:F GPS:1,24 C:0 VF-1.00 VA-1.00 LAT+22.17388 LON+120.90062
16:58:00.493 T13742 SQ19 AX-0.932 AY+0.299 AZ-0.388 GX+149.03 GY+9.87 GZ-8.26 P964.20 RH-358.4 KH-358.4 VZ+0.00 GA1.05 ST:0 MOD:F GPS:1,25 C:0 VF-1.00 VA-1.00 LAT+22.17385 LON+120.90059
16:58:00.993 T14242 SQ20 AX-0.807 AY-0.260 AZ-0.440 GX-25.69 GY+5.60 GZ+10.78 P965.82 RH-372.7 KH-372.7 VZ+0.00 GA0.95 ST:0 MOD:F GPS:1,25 C:0 VF-1.00 VA-1.00 LAT+22.17385 LON+120.90059
16:58:01.498 T14742 SQ21 AX-0.922 AY-0.230 AZ-0.423 GX+44.31 GY-12.67 GZ-26.74 P967.78 RH-390.0 KH-390.0 VZ+0.00 GA1.04 ST:0 MOD:F GPS:1,25 C:0 VF-1.00 VA-1.00 LAT+22.17383 LON+120.90057
16:58:01.997 T15242 SQ22 AX-0.863 AY-0.030 AZ-0.514 GX-183.47 GY-26.88 GZ-7.91 P970.01 RH-409.5 KH-409.5 VZ+0.00 GA1.01 ST:0 MOD:F GPS:1,25 C:0 VF-1.00 VA-1.00 LAT+22.17383 LON+120.90057
16:58:02.490 T15742 SQ23 AX-1.115 AY-0.209 AZ-0.197 GX-99.68 GY-0.14 GZ-4.55 P972.20 RH-428.7 KH-428.7 VZ+0.00 GA1.15 ST:0 MOD:F GPS:1,25 C:0 VF-1.00 VA-1.00 LAT+22.17382 LON+120.90057
16:58:02.993 T16242 SQ24 AX-0.816 AY+0.272 AZ-0.319 GX+21.07 GY+20.72 GZ-4.48 P974.13 RH-445.6 KH-445.6 VZ+0.00 GA0.92 ST:0 MOD:F GPS:1,25 C:0 VF-1.00 VA-1.00 LAT+22.17382 LON+120.90057
16:58:03.493 T16742 SQ25 AX-1.043 AY-0.464 AZ-0.594 GX-39.76 GY-24.71 GZ-1.68 P975.61 RH-458.5 KH-458.5 VZ+0.00 GA1.29 ST:0 MOD:F GPS:1,25 C:0 VF-1.00 VA-1.00 LAT+22.17382 LON+120.90060
16:58:03.991 T17242 SQ26 AX-1.166 AY+0.201 AZ-0.322 GX-3.08 GY+0.07 GZ-13.30 P978.23 RH-481.4 KH-481.4 VZ+0.00 GA1.23 ST:0 MOD:F GPS:1,25 C:0 VF-1.00 VA-1.00 LAT+22.17382 LON+120.90060
16:58:04.992 T18242 SQ28 AX-1.004 AY-0.121 AZ-0.380 GX+37.94 GY+1.05 GZ-13.65 P982.19 RH-515.9 KH-515.9 VZ+0.00 GA1.08 ST:0 MOD:F GPS:1,25 C:0 VF-1.00 VA-1.00 LAT+22.17382 LON+120.90063
16:58:05.492 T18742 SQ29 AX-0.991 AY-0.140 AZ-0.314 GX+11.41 GY+9.03 GZ+10.57 P984.18 RH-533.1 KH-533.1 VZ+0.00 GA1.05 ST:0 MOD:F GPS:1,25 C:0 VF-1.00 VA-1.00 LAT+22.17383 LON+120.90063
16:58:05.992 T19242 SQ30 AX-1.666 AY-0.164 AZ-0.471 GX+71.75 GY-15.12 GZ+0.42 P986.13 RH-550.1 KH-550.1 VZ+0.00 GA1.74 ST:0 MOD:F GPS:1,25 C:0 VF-1.00 VA-1.00 LAT+22.17383 LON+120.90063
16:58:06.492 T19742 SQ31 AX-1.475 AY-0.061 AZ-0.106 GX+80.01 GY+10.92 GZ-0.98 P988.07 RH-566.8 KH-566.8 VZ+0.00 GA1.48 ST:0 MOD:F GPS:1,25 C:0 VF-1.00 VA-1.00 LAT+22.17385 LON+120.90063
16:58:06.990 T20242 SQ32 AX-1.202 AY+0.457 AZ+0.073 GX+69.37 GY-7.35 GZ+9.31 P989.86 RH-582.3 KH-582.3 VZ+0.00 GA1.29 ST:0 MOD:F GPS:1,25 C:0 VF-1.00 VA-1.00 LAT+22.17385 LON+120.90063
16:58:07.498 T20742 SQ33 AX-0.946 AY-0.403 AZ-0.264 GX-32.27 GY+24.29 GZ+22.61 P991.61 RH-597.4 KH-597.4 VZ+0.00 GA1.06 ST:0 MOD:F GPS:1,25 C:0 VF-1.00 VA-1.00 LAT+22.17386 LON+120.90062
16:58:07.993 T21242 SQ34 AX-0.962 AY+0.109 AZ-0.454 GX+82.32 GY-0.07 GZ-15.26 P993.28 RH-611.8 KH-611.8 VZ+0.00 GA1.07 ST:0 MOD:F GPS:1,25 C:0 VF-1.00 VA-1.00 LAT+22.17386 LON+120.90062
16:58:08.497 T21742 SQ35 AX-1.136 AY-0.394 AZ-0.001 GX-66.92 GY-15.47 GZ+30.66 P994.88 RH-625.5 KH-625.5 VZ+0.00 GA1.20 ST:0 MOD:F GPS:1,25 C:0 VF-1.00 VA-1.00 LAT+22.17388 LON+120.90060
16:58:08.999 T22242 SQ36 AX-0.920 AY+0.558 AZ-0.279 GX+120.47 GY+13.37 GZ-16.66 P996.46 RH-639.1 KH-639.1 VZ+0.00 GA1.11 ST:0 MOD:F GPS:1,25 C:0 VF-1.00 VA-1.00 LAT+22.17388 LON+120.90060
16:58:09.492 T22742 SQ37 AX-1.447 AY-0.232 AZ-0.006 GX-30.17 GY-1.19 GZ+24.71 P998.14 RH-653.5 KH-653.5 VZ+0.00 GA1.47 ST:0 MOD:F GPS:1,25 C:0 VF-1.00 VA-1.00 LAT+22.17389 LON+120.90059
16:58:09.999 T23242 SQ38 AX-1.071 AY-0.040 AZ-0.090 GX+104.58 GY-14.77 GZ-22.82 P999.83 RH-668.0 KH-668.0 VZ+0.00 GA1.08 ST:0 MOD:F GPS:1,25 C:0 VF-1.00 VA-1.00 LAT+22.17389 LON+120.90059
16:58:10.497 T23742 SQ39 AX-0.747 AY+0.000 AZ-0.574 GX-2.24 GY+20.58 GZ+13.72 P1001.38 RH-681.3 KH-681.3 VZ+0.00 GA0.94 ST:0 MOD:F GPS:1,25 C:0 VF-1.00 VA-1.00 LAT+22.17390 LON+120.90059
16:58:10.998 T24242 SQ40 AX-1.105 AY+0.152 AZ+0.768 GX+62.86 GY-24.99 GZ+0.77 P1003.03 RH-695.5 KH-695.5 VZ+0.00 GA1.35 ST:0 MOD:F GPS:1,25 C:0 VF-1.00 VA-1.00 LAT+22.17390 LON+120.90059
16:58:11.491 T24742 SQ41 AX-0.911 AY-0.190 AZ-0.234 GX+30.94 GY+0.91 GZ-2.38 P1004.50 RH-707.9 KH-707.9 VZ+0.00 GA0.96 ST:0 MOD:F GPS:1,25 C:0 VF-1.00 VA-1.00 LAT+22.17391 LON+120.90057
16:58:11.991 T25242 SQ42 AX-0.851 AY-0.017 AZ-0.137 GX-4.06 GY-15.61 GZ+5.74 P1006.16 RH-722.1 KH-722.1 VZ+0.00 GA0.86 ST:0 MOD:F GPS:1,25 C:0 VF-1.00 VA-1.00 LAT+22.17391 LON+120.90057
